* Failed to open PIO device 0 (error -22)
